Warning: You are sending unauthenticated requests to the HF Hub. Please set a HF_TOKEN to enable higher rate limits and faster downloads.
[transformers] `torch_dtype` is deprecated! Use `dtype` instead!
Loading weights:   0%|          | 0/292 [00:00<?, ?it/s]Loading weights:  11%|█         | 32/292 [00:00<00:00, 294.28it/s]Loading weights:  42%|████▏     | 122/292 [00:00<00:00, 620.77it/s]Loading weights:  86%|████████▋ | 252/292 [00:00<00:00, 893.92it/s]Loading weights: 100%|██████████| 292/292 [00:00<00:00, 861.12it/s]
done: common_noun            'dog' -> 1 token(s)
done: common_noun            'table' -> 1 token(s)
done: common_noun            'water' -> 1 token(s)
done: common_noun            'music' -> 1 token(s)
done: common_noun            'idea' -> 1 token(s)
done: common_noun            'house' -> 1 token(s)
done: common_noun            'science' -> 1 token(s)
done: common_noun            'coffee' -> 2 token(s)
done: proper_noun            'London' -> 1 token(s)
done: proper_noun            'Einstein' -> 1 token(s)
done: proper_noun            'Google' -> 1 token(s)
done: proper_noun            'Tokyo' -> 2 token(s)
done: proper_noun            'Shakespeare' -> 2 token(s)
done: proper_noun            'Beyoncé' -> 3 token(s)
done: verb                   'run' -> 1 token(s)
done: verb                   'walked' -> 2 token(s)
done: verb                   'is' -> 1 token(s)
done: verb                   'think' -> 1 token(s)
done: verb                   'understand' -> 1 token(s)
done: verb                   'procrastinate' -> 4 token(s)
done: preposition            'of' -> 1 token(s)
done: preposition            'in' -> 1 token(s)
done: preposition            'under' -> 1 token(s)
done: preposition            'between' -> 1 token(s)
done: preposition            'through' -> 1 token(s)
done: preposition            'despite' -> 2 token(s)
done: adjective              'big' -> 1 token(s)
done: adjective              'happy' -> 1 token(s)
done: adjective              'enormous' -> 3 token(s)
done: adjective              'purple' -> 2 token(s)
done: adjective              'incomprehensible' -> 4 token(s)
done: adverb                 'quickly' -> 2 token(s)
done: adverb                 'very' -> 1 token(s)
done: adverb                 'often' -> 1 token(s)
done: pronoun                'she' -> 1 token(s)
done: pronoun                'they' -> 1 token(s)
done: pronoun                'ourselves' -> 2 token(s)
done: determiner             'the' -> 1 token(s)
done: determiner             'an' -> 1 token(s)
done: determiner             'this' -> 1 token(s)
done: conjunction            'and' -> 1 token(s)
done: conjunction            'but' -> 1 token(s)
done: conjunction            'although' -> 1 token(s)
done: interjection           'hello' -> 1 token(s)
done: interjection           'wow' -> 2 token(s)
done: interjection           'hmm' -> 1 token(s)
done: number                 'seven' -> 1 token(s)
done: number                 '42' -> 1 token(s)
done: number                 '3.14' -> 3 token(s)
done: multi_token_by_design  'serendipity' -> 4 token(s)
done: multi_token_by_design  'antidisestablishmentarianism' -> 6 token(s)
done: multi_token_by_design  'cryptocurrency' -> 3 token(s)
done: multi_token_by_design  'unbelievable' -> 3 token(s)
done: multi_token_by_design  'biotechnology' -> 2 token(s)
done: punctuation            '.' -> 1 token(s)
done: punctuation            ',' -> 1 token(s)
done: punctuation            '!' -> 1 token(s)
done: punctuation            '?' -> 1 token(s)
done: punctuation            ';' -> 1 token(s)
done: punctuation            ':' -> 1 token(s)
done: punctuation            "'" -> 1 token(s)
done: punctuation            '"' -> 1 token(s)
done: punctuation            '(' -> 1 token(s)
done: punctuation            ')' -> 1 token(s)
done: punctuation            '—' -> 1 token(s)
done: punctuation            '…' -> 1 token(s)
done: symbol                 '@' -> 1 token(s)
done: symbol                 '#' -> 1 token(s)
done: symbol                 '$' -> 1 token(s)
done: symbol                 '%' -> 1 token(s)
done: symbol                 '~' -> 1 token(s)
done: whitespace             ' ' -> 1 token(s)
done: whitespace             '\n' -> 1 token(s)
done: whitespace             '\t' -> 1 token(s)
done: subword_fragment       "'s" -> 1 token(s)
done: subword_fragment       "n't" -> 2 token(s)
done: subword_fragment       'ing' -> 1 token(s)
done: subword_fragment       'pre' -> 1 token(s)
done: glitch_token           ' SolidGoldMagikarp' -> 5 token(s)
done: glitch_token           ' petertodd' -> 3 token(s)
done: control_byte           '\x00' -> 1 token(s)
done: reserved_special       '<|reserved_special_token_0|>' -> 10 token(s)
done: reserved_special       '<|extra_0|>' -> 6 token(s)
done: unk_token              '<unk>' -> 3 token(s)
done: special_bos            '<|endoftext|>' -> 1 token(s)
done: special_eos            '<|endoftext|>' -> 1 token(s)
done: special_pad            '<|padding|>' -> 1 token(s)
done: special_unk            '<|endoftext|>' -> 1 token(s)

wrote 145 rows (145 token rows) x 16 probes to /home/gloriama/dev/activation_balls/results/EleutherAI__pythia-410m
tied(config)=False tied(actual)=False norm=final_layer_norm n_layers=24 probes=[1, 2, 3, 5, 8, 11, 13, 15, 16, 17, 19, 21, 23, 24]
