Warning: You are sending unauthenticated requests to the HF Hub. Please set a HF_TOKEN to enable higher rate limits and faster downloads.
[transformers] `torch_dtype` is deprecated! Use `dtype` instead!
Fetching 4 files:   0%|          | 0/4 [00:00<?, ?it/s]Fetching 4 files:  25%|██▌       | 1/4 [02:16<06:49, 136.55s/it]Fetching 4 files: 100%|██████████| 4/4 [02:16<00:00, 34.14s/it] 
Loading weights:   0%|          | 0/339 [00:00<?, ?it/s]Loading weights:  12%|█▏        | 42/339 [00:00<00:01, 251.84it/s]Loading weights:  20%|██        | 68/339 [00:00<00:01, 200.05it/s]Loading weights:  26%|██▌       | 88/339 [00:00<00:01, 149.01it/s]Loading weights:  33%|███▎      | 113/339 [00:00<00:01, 155.26it/s]Loading weights:  38%|███▊      | 129/339 [00:00<00:01, 155.68it/s]Loading weights:  43%|████▎     | 146/339 [00:00<00:01, 158.51it/s]Loading weights:  49%|████▊     | 165/339 [00:01<00:01, 159.03it/s]Loading weights:  54%|█████▎    | 182/339 [00:01<00:01, 142.75it/s]Loading weights:  58%|█████▊    | 197/339 [00:01<00:01, 116.00it/s]Loading weights:  63%|██████▎   | 214/339 [00:01<00:01, 115.35it/s]Loading weights:  68%|██████▊   | 230/339 [00:01<00:00, 122.82it/s]Loading weights:  74%|███████▍  | 251/339 [00:01<00:00, 141.39it/s]Loading weights:  82%|████████▏ | 279/339 [00:01<00:00, 170.15it/s]Loading weights:  88%|████████▊ | 297/339 [00:01<00:00, 148.83it/s]Loading weights:  92%|█████████▏| 313/339 [00:02<00:00, 128.24it/s]Loading weights: 100%|██████████| 339/339 [00:02<00:00, 150.50it/s]
done: common_noun            'dog' -> 1 token(s)
done: common_noun            'table' -> 1 token(s)
done: common_noun            'water' -> 1 token(s)
done: common_noun            'music' -> 1 token(s)
done: common_noun            'idea' -> 1 token(s)
done: common_noun            'house' -> 1 token(s)
done: common_noun            'science' -> 1 token(s)
done: common_noun            'coffee' -> 1 token(s)
done: proper_noun            'London' -> 1 token(s)
done: proper_noun            'Einstein' -> 2 token(s)
done: proper_noun            'Google' -> 1 token(s)
done: proper_noun            'Tokyo' -> 2 token(s)
done: proper_noun            'Shakespeare' -> 2 token(s)
done: proper_noun            'Beyoncé' -> 3 token(s)
done: verb                   'run' -> 1 token(s)
done: verb                   'walked' -> 2 token(s)
done: verb                   'is' -> 1 token(s)
done: verb                   'think' -> 1 token(s)
done: verb                   'understand' -> 2 token(s)
done: verb                   'procrastinate' -> 3 token(s)
done: preposition            'of' -> 1 token(s)
done: preposition            'in' -> 1 token(s)
done: preposition            'under' -> 1 token(s)
done: preposition            'between' -> 1 token(s)
done: preposition            'through' -> 1 token(s)
done: preposition            'despite' -> 2 token(s)
done: adjective              'big' -> 1 token(s)
done: adjective              'happy' -> 1 token(s)
done: adjective              'enormous' -> 3 token(s)
done: adjective              'purple' -> 1 token(s)
done: adjective              'incomprehensible' -> 4 token(s)
done: adverb                 'quickly' -> 2 token(s)
done: adverb                 'very' -> 1 token(s)
done: adverb                 'often' -> 1 token(s)
done: pronoun                'she' -> 1 token(s)
done: pronoun                'they' -> 1 token(s)
done: pronoun                'ourselves' -> 2 token(s)
done: determiner             'the' -> 1 token(s)
done: determiner             'an' -> 1 token(s)
done: determiner             'this' -> 1 token(s)
done: conjunction            'and' -> 1 token(s)
done: conjunction            'but' -> 1 token(s)
done: conjunction            'although' -> 1 token(s)
done: interjection           'hello' -> 1 token(s)
done: interjection           'wow' -> 1 token(s)
done: interjection           'hmm' -> 2 token(s)
done: number                 'seven' -> 1 token(s)
done: number                 '42' -> 2 token(s)
done: number                 '3.14' -> 4 token(s)
done: multi_token_by_design  'serendipity' -> 4 token(s)
done: multi_token_by_design  'antidisestablishmentarianism' -> 6 token(s)
done: multi_token_by_design  'cryptocurrency' -> 2 token(s)
done: multi_token_by_design  'unbelievable' -> 3 token(s)
done: multi_token_by_design  'biotechnology' -> 2 token(s)
done: punctuation            '.' -> 1 token(s)
done: punctuation            ',' -> 1 token(s)
done: punctuation            '!' -> 1 token(s)
done: punctuation            '?' -> 1 token(s)
done: punctuation            ';' -> 1 token(s)
done: punctuation            ':' -> 1 token(s)
done: punctuation            "'" -> 1 token(s)
done: punctuation            '"' -> 1 token(s)
done: punctuation            '(' -> 1 token(s)
done: punctuation            ')' -> 1 token(s)
done: punctuation            '—' -> 1 token(s)
done: punctuation            '…' -> 1 token(s)
done: symbol                 '@' -> 1 token(s)
done: symbol                 '#' -> 1 token(s)
done: symbol                 '$' -> 1 token(s)
done: symbol                 '%' -> 1 token(s)
done: symbol                 '~' -> 1 token(s)
done: whitespace             ' ' -> 1 token(s)
done: whitespace             '\n' -> 1 token(s)
done: whitespace             '\t' -> 1 token(s)
done: subword_fragment       "'s" -> 1 token(s)
done: subword_fragment       "n't" -> 2 token(s)
done: subword_fragment       'ing' -> 1 token(s)
done: subword_fragment       'pre' -> 1 token(s)
done: glitch_token           ' SolidGoldMagikarp' -> 5 token(s)
done: glitch_token           ' petertodd' -> 3 token(s)
done: control_byte           '\x00' -> 1 token(s)
done: reserved_special       '<|reserved_special_token_0|>' -> 9 token(s)
done: reserved_special       '<|extra_0|>' -> 7 token(s)
done: unk_token              '<unk>' -> 2 token(s)
done: special_eos            '<|endoftext|>' -> 1 token(s)
done: special_pad            '<|endoftext|>' -> 1 token(s)

wrote 142 rows (142 token rows) x 16 probes to /home/gloriama/dev/activation_balls/results/Qwen__Qwen2.5-7B
tied(config)=False tied(actual)=False norm=norm n_layers=28 probes=[1, 2, 3, 6, 9, 12, 16, 19, 21, 22, 23, 25, 27, 28]
