Warning: You are sending unauthenticated requests to the HF Hub. Please set a HF_TOKEN to enable higher rate limits and faster downloads.
[transformers] `torch_dtype` is deprecated! Use `dtype` instead!
Loading weights:   0%|          | 0/580 [00:00<?, ?it/s]Loading weights:  12%|█▏        | 68/580 [00:00<00:01, 463.11it/s]Loading weights:  20%|█▉        | 115/580 [00:00<00:01, 358.08it/s]Loading weights:  26%|██▌       | 152/580 [00:00<00:01, 305.95it/s]Loading weights:  32%|███▏      | 183/580 [00:00<00:01, 288.76it/s]Loading weights:  37%|███▋      | 212/580 [00:00<00:01, 286.18it/s]Loading weights:  42%|████▏     | 241/580 [00:00<00:01, 277.95it/s]Loading weights:  46%|████▋     | 269/580 [00:00<00:01, 248.54it/s]Loading weights:  52%|█████▏    | 304/580 [00:01<00:01, 241.53it/s]Loading weights:  58%|█████▊    | 338/580 [00:01<00:00, 247.76it/s]Loading weights:  63%|██████▎   | 367/580 [00:01<00:00, 253.25it/s]Loading weights:  69%|██████▉   | 399/580 [00:01<00:00, 252.78it/s]Loading weights:  73%|███████▎  | 425/580 [00:01<00:00, 246.45it/s]Loading weights:  78%|███████▊  | 454/580 [00:01<00:00, 256.37it/s]Loading weights:  83%|████████▎ | 480/580 [00:01<00:00, 255.39it/s]Loading weights:  87%|████████▋ | 507/580 [00:01<00:00, 244.59it/s]Loading weights:  92%|█████████▏| 532/580 [00:02<00:00, 230.70it/s]Loading weights:  96%|█████████▌| 556/580 [00:02<00:00, 218.43it/s]Loading weights: 100%|██████████| 580/580 [00:02<00:00, 262.41it/s]
done: common_noun            'dog' -> 1 token(s)
done: common_noun            'table' -> 1 token(s)
done: common_noun            'water' -> 1 token(s)
done: common_noun            'music' -> 1 token(s)
done: common_noun            'idea' -> 2 token(s)
done: common_noun            'house' -> 1 token(s)
done: common_noun            'science' -> 1 token(s)
done: common_noun            'coffee' -> 2 token(s)
done: proper_noun            'London' -> 1 token(s)
done: proper_noun            'Einstein' -> 2 token(s)
done: proper_noun            'Google' -> 1 token(s)
done: proper_noun            'Tokyo' -> 2 token(s)
done: proper_noun            'Shakespeare' -> 2 token(s)
done: proper_noun            'Beyoncé' -> 3 token(s)
done: verb                   'run' -> 1 token(s)
done: verb                   'walked' -> 2 token(s)
done: verb                   'is' -> 1 token(s)
done: verb                   'think' -> 1 token(s)
done: verb                   'understand' -> 2 token(s)
done: verb                   'procrastinate' -> 3 token(s)
done: preposition            'of' -> 1 token(s)
done: preposition            'in' -> 1 token(s)
done: preposition            'under' -> 1 token(s)
done: preposition            'between' -> 1 token(s)
done: preposition            'through' -> 1 token(s)
done: preposition            'despite' -> 1 token(s)
done: adjective              'big' -> 1 token(s)
done: adjective              'happy' -> 1 token(s)
done: adjective              'enormous' -> 3 token(s)
done: adjective              'purple' -> 2 token(s)
done: adjective              'incomprehensible' -> 5 token(s)
done: adverb                 'quickly' -> 2 token(s)
done: adverb                 'very' -> 1 token(s)
done: adverb                 'often' -> 1 token(s)
done: pronoun                'she' -> 1 token(s)
done: pronoun                'they' -> 1 token(s)
done: pronoun                'ourselves' -> 2 token(s)
done: determiner             'the' -> 1 token(s)
done: determiner             'an' -> 1 token(s)
done: determiner             'this' -> 1 token(s)
done: conjunction            'and' -> 1 token(s)
done: conjunction            'but' -> 1 token(s)
done: conjunction            'although' -> 1 token(s)
done: interjection           'hello' -> 1 token(s)
done: interjection           'wow' -> 1 token(s)
done: interjection           'hmm' -> 2 token(s)
done: number                 'seven' -> 1 token(s)
done: number                 '42' -> 1 token(s)
done: number                 '3.14' -> 3 token(s)
done: multi_token_by_design  'serendipity' -> 4 token(s)
done: multi_token_by_design  'antidisestablishmentarianism' -> 5 token(s)
done: multi_token_by_design  'cryptocurrency' -> 3 token(s)
done: multi_token_by_design  'unbelievable' -> 4 token(s)
done: multi_token_by_design  'biotechnology' -> 2 token(s)
done: punctuation            '.' -> 1 token(s)
done: punctuation            ',' -> 1 token(s)
done: punctuation            '!' -> 1 token(s)
done: punctuation            '?' -> 1 token(s)
done: punctuation            ';' -> 1 token(s)
done: punctuation            ':' -> 1 token(s)
done: punctuation            "'" -> 1 token(s)
done: punctuation            '"' -> 1 token(s)
done: punctuation            '(' -> 1 token(s)
done: punctuation            ')' -> 1 token(s)
done: punctuation            '—' -> 1 token(s)
done: punctuation            '…' -> 1 token(s)
done: symbol                 '@' -> 1 token(s)
done: symbol                 '#' -> 1 token(s)
done: symbol                 '$' -> 1 token(s)
done: symbol                 '%' -> 1 token(s)
done: symbol                 '~' -> 1 token(s)
done: whitespace             ' ' -> 1 token(s)
done: whitespace             '\n' -> 1 token(s)
done: whitespace             '\t' -> 1 token(s)
done: subword_fragment       "'s" -> 1 token(s)
done: subword_fragment       "n't" -> 2 token(s)
done: subword_fragment       'ing' -> 1 token(s)
done: subword_fragment       'pre' -> 1 token(s)
done: glitch_token           ' SolidGoldMagikarp' -> 1 token(s)
done: glitch_token           ' petertodd' -> 1 token(s)
done: control_byte           '\x00' -> 1 token(s)
done: reserved_special       '<|reserved_special_token_0|>' -> 12 token(s)
done: reserved_special       '<|extra_0|>' -> 7 token(s)
done: unk_token              '<unk>' -> 3 token(s)
done: special_bos            '<|endoftext|>' -> 1 token(s)
done: special_eos            '<|endoftext|>' -> 1 token(s)
done: special_unk            '<|endoftext|>' -> 1 token(s)

wrote 143 rows (143 token rows) x 17 probes to /home/gloriama/dev/activation_balls/results/gpt2-xl
tied(config)=True tied(actual)=True norm=ln_f n_layers=48 probes=[1, 2, 5, 11, 16, 21, 27, 32, 37, 39, 41, 43, 45, 47, 48]
