[transformers] `torch_dtype` is deprecated! Use `dtype` instead!
Loading weights:   0%|          | 0/963 [00:00<?, ?it/s]Loading weights: 100%|██████████| 963/963 [00:00<00:00, 14235.77it/s]
done: common_noun            'dog' -> 1 token(s)
done: common_noun            'table' -> 1 token(s)
done: common_noun            'water' -> 1 token(s)
done: common_noun            'music' -> 1 token(s)
done: common_noun            'idea' -> 1 token(s)
done: common_noun            'house' -> 1 token(s)
done: common_noun            'science' -> 1 token(s)
done: common_noun            'coffee' -> 1 token(s)
done: proper_noun            'London' -> 1 token(s)
done: proper_noun            'Einstein' -> 2 token(s)
done: proper_noun            'Google' -> 1 token(s)
done: proper_noun            'Tokyo' -> 2 token(s)
done: proper_noun            'Shakespeare' -> 2 token(s)
done: proper_noun            'Beyoncé' -> 3 token(s)
done: verb                   'run' -> 1 token(s)
done: verb                   'walked' -> 2 token(s)
done: verb                   'is' -> 1 token(s)
done: verb                   'think' -> 1 token(s)
done: verb                   'understand' -> 2 token(s)
done: verb                   'procrastinate' -> 3 token(s)
done: preposition            'of' -> 1 token(s)
done: preposition            'in' -> 1 token(s)
done: preposition            'under' -> 1 token(s)
done: preposition            'between' -> 1 token(s)
done: preposition            'through' -> 1 token(s)
done: preposition            'despite' -> 2 token(s)
done: adjective              'big' -> 1 token(s)
done: adjective              'happy' -> 1 token(s)
done: adjective              'enormous' -> 3 token(s)
done: adjective              'purple' -> 1 token(s)
done: adjective              'incomprehensible' -> 4 token(s)
done: adverb                 'quickly' -> 2 token(s)
done: adverb                 'very' -> 1 token(s)
done: adverb                 'often' -> 1 token(s)
done: pronoun                'she' -> 1 token(s)
done: pronoun                'they' -> 1 token(s)
done: pronoun                'ourselves' -> 2 token(s)
done: determiner             'the' -> 1 token(s)
done: determiner             'an' -> 1 token(s)
done: determiner             'this' -> 1 token(s)
done: conjunction            'and' -> 1 token(s)
done: conjunction            'but' -> 1 token(s)
done: conjunction            'although' -> 1 token(s)
done: interjection           'hello' -> 1 token(s)
done: interjection           'wow' -> 1 token(s)
done: interjection           'hmm' -> 2 token(s)
done: number                 'seven' -> 1 token(s)
done: number                 '42' -> 2 token(s)
done: number                 '3.14' -> 4 token(s)
done: multi_token_by_design  'serendipity' -> 4 token(s)
done: multi_token_by_design  'antidisestablishmentarianism' -> 6 token(s)
done: multi_token_by_design  'cryptocurrency' -> 2 token(s)
done: multi_token_by_design  'unbelievable' -> 3 token(s)
done: multi_token_by_design  'biotechnology' -> 2 token(s)
done: punctuation            '.' -> 1 token(s)
done: punctuation            ',' -> 1 token(s)
done: punctuation            '!' -> 1 token(s)
done: punctuation            '?' -> 1 token(s)
done: punctuation            ';' -> 1 token(s)
done: punctuation            ':' -> 1 token(s)
done: punctuation            "'" -> 1 token(s)
done: punctuation            '"' -> 1 token(s)
done: punctuation            '(' -> 1 token(s)
done: punctuation            ')' -> 1 token(s)
done: punctuation            '—' -> 1 token(s)
done: punctuation            '…' -> 1 token(s)
done: symbol                 '@' -> 1 token(s)
done: symbol                 '#' -> 1 token(s)
done: symbol                 '$' -> 1 token(s)
done: symbol                 '%' -> 1 token(s)
done: symbol                 '~' -> 1 token(s)
done: whitespace             ' ' -> 1 token(s)
done: whitespace             '\n' -> 1 token(s)
done: whitespace             '\t' -> 1 token(s)
done: subword_fragment       "'s" -> 1 token(s)
done: subword_fragment       "n't" -> 2 token(s)
done: subword_fragment       'ing' -> 1 token(s)
done: subword_fragment       'pre' -> 1 token(s)
done: glitch_token           ' SolidGoldMagikarp' -> 5 token(s)
done: glitch_token           ' petertodd' -> 3 token(s)
done: control_byte           '\x00' -> 1 token(s)
done: reserved_special       '<|reserved_special_token_0|>' -> 9 token(s)
done: reserved_special       '<|extra_0|>' -> 7 token(s)
done: unk_token              '<unk>' -> 2 token(s)
done: special_eos            '<|endoftext|>' -> 1 token(s)
done: special_pad            '<|endoftext|>' -> 1 token(s)

wrote 142 rows (142 token rows) x 17 probes to /home/gloriama/dev/activation_balls/results/Qwen__Qwen2.5-72B
tied(config)=False tied(actual)=False norm=norm n_layers=80 probes=[1, 2, 9, 18, 27, 36, 44, 53, 62, 71, 73, 75, 77, 79, 80]
