Traceback (most recent call last):
  File "/home/gloriama/miniconda/envs/interp/lib/python3.11/site-packages/huggingface_hub/utils/_http.py", line 795, in hf_raise_for_status
    response.raise_for_status()
  File "/home/gloriama/miniconda/envs/interp/lib/python3.11/site-packages/httpx/_models.py", line 829, in raise_for_status
    raise HTTPStatusError(message, request=request, response=self)
httpx.HTTPStatusError: Client error '401 Unauthorized' for url 'https://huggingface.co/google/gemma-2-2b/resolve/main/config.json'
For more information check: https://developer.mozilla.org/en-US/docs/Web/HTTP/Status/401

The above exception was the direct cause of the following exception:

Traceback (most recent call last):
  File "/home/gloriama/miniconda/envs/interp/lib/python3.11/site-packages/transformers/utils/hub.py", line 437, in cached_files
    hf_hub_download(
  File "/home/gloriama/miniconda/envs/interp/lib/python3.11/site-packages/huggingface_hub/utils/_validators.py", line 88, in _inner_fn
    return fn(*args, **kwargs)
           ^^^^^^^^^^^^^^^^^^^
  File "/home/gloriama/miniconda/envs/interp/lib/python3.11/site-packages/huggingface_hub/file_download.py", line 1018, in hf_hub_download
    return _hf_hub_download_to_cache_dir(
           ^^^^^^^^^^^^^^^^^^^^^^^^^^^^^^
  File "/home/gloriama/miniconda/envs/interp/lib/python3.11/site-packages/huggingface_hub/file_download.py", line 1170, in _hf_hub_download_to_cache_dir
    _raise_on_head_call_error(head_call_error, force_download, local_files_only)
  File "/home/gloriama/miniconda/envs/interp/lib/python3.11/site-packages/huggingface_hub/file_download.py", line 1869, in _raise_on_head_call_error
    raise head_call_error
  File "/home/gloriama/miniconda/envs/interp/lib/python3.11/site-packages/huggingface_hub/file_download.py", line 1712, in _get_metadata_or_catch_error
    metadata = get_hf_file_metadata(
               ^^^^^^^^^^^^^^^^^^^^^
  File "/home/gloriama/miniconda/envs/interp/lib/python3.11/site-packages/huggingface_hub/utils/_validators.py", line 88, in _inner_fn
    return fn(*args, **kwargs)
           ^^^^^^^^^^^^^^^^^^^
  File "/home/gloriama/miniconda/envs/interp/lib/python3.11/site-packages/huggingface_hub/file_download.py", line 1620, in get_hf_file_metadata
    response = _httpx_follow_relative_redirects_with_backoff(
               ^^^^^^^^^^^^^^^^^^^^^^^^^^^^^^^^^^^^^^^^^^^^^^
  File "/home/gloriama/miniconda/envs/interp/lib/python3.11/site-packages/huggingface_hub/utils/_http.py", line 726, in _httpx_follow_relative_redirects_with_backoff
    hf_raise_for_status(response)
  File "/home/gloriama/miniconda/envs/interp/lib/python3.11/site-packages/huggingface_hub/utils/_http.py", line 821, in hf_raise_for_status
    raise _format(GatedRepoError, message, response, repo_type=repo_type, repo_id=repo_id) from e
huggingface_hub.errors.GatedRepoError: 401 Client Error. (Request ID: Root=1-6a4ba310-3df3f3853ea2fb200dfef974;8e54c7dc-d9b5-4482-8817-bc03a364562e)

Cannot access gated repo for url https://huggingface.co/google/gemma-2-2b/resolve/main/config.json.
Access to model google/gemma-2-2b is restricted. You must have access to it and be authenticated to access it. Please log in.

The above exception was the direct cause of the following exception:

Traceback (most recent call last):
  File "/home/gloriama/miniconda/envs/interp/lib/python3.11/site-packages/transformers/models/auto/tokenization_auto.py", line 746, in from_pretrained
    config = AutoConfig.from_pretrained(
             ^^^^^^^^^^^^^^^^^^^^^^^^^^^
  File "/home/gloriama/miniconda/envs/interp/lib/python3.11/site-packages/transformers/models/auto/configuration_auto.py", line 376, in from_pretrained
    config_dict, unused_kwargs = PreTrainedConfig.get_config_dict(pretrained_model_name_or_path, **kwargs)
                                 ^^^^^^^^^^^^^^^^^^^^^^^^^^^^^^^^^^^^^^^^^^^^^^^^^^^^^^^^^^^^^^^^^^^^^^^^^
  File "/home/gloriama/miniconda/envs/interp/lib/python3.11/site-packages/transformers/configuration_utils.py", line 705, in get_config_dict
    config_dict, kwargs = cls._get_config_dict(pretrained_model_name_or_path, **kwargs)
                          ^^^^^^^^^^^^^^^^^^^^^^^^^^^^^^^^^^^^^^^^^^^^^^^^^^^^^^^^^^^^^
  File "/home/gloriama/miniconda/envs/interp/lib/python3.11/site-packages/transformers/configuration_utils.py", line 760, in _get_config_dict
    resolved_config_file = cached_file(
                           ^^^^^^^^^^^^
  File "/home/gloriama/miniconda/envs/interp/lib/python3.11/site-packages/transformers/utils/hub.py", line 293, in cached_file
    file = cached_files(path_or_repo_id=path_or_repo_id, filenames=[filename], **kwargs)
           ^^^^^^^^^^^^^^^^^^^^^^^^^^^^^^^^^^^^^^^^^^^^^^^^^^^^^^^^^^^^^^^^^^^^^^^^^^^^^
  File "/home/gloriama/miniconda/envs/interp/lib/python3.11/site-packages/transformers/utils/hub.py", line 503, in cached_files
    raise OSError(
OSError: You are trying to access a gated repo.
Make sure to have access to it at https://huggingface.co/google/gemma-2-2b.
401 Client Error. (Request ID: Root=1-6a4ba310-3df3f3853ea2fb200dfef974;8e54c7dc-d9b5-4482-8817-bc03a364562e)

Cannot access gated repo for url https://huggingface.co/google/gemma-2-2b/resolve/main/config.json.
Access to model google/gemma-2-2b is restricted. You must have access to it and be authenticated to access it. Please log in.

During handling of the above exception, another exception occurred:

Traceback (most recent call last):
  File "/home/gloriama/miniconda/envs/interp/lib/python3.11/site-packages/huggingface_hub/utils/_http.py", line 795, in hf_raise_for_status
    response.raise_for_status()
  File "/home/gloriama/miniconda/envs/interp/lib/python3.11/site-packages/httpx/_models.py", line 829, in raise_for_status
    raise HTTPStatusError(message, request=request, response=self)
httpx.HTTPStatusError: Client error '401 Unauthorized' for url 'https://huggingface.co/google/gemma-2-2b/resolve/main/config.json'
For more information check: https://developer.mozilla.org/en-US/docs/Web/HTTP/Status/401

The above exception was the direct cause of the following exception:

Traceback (most recent call last):
  File "/home/gloriama/miniconda/envs/interp/lib/python3.11/site-packages/transformers/utils/hub.py", line 437, in cached_files
    hf_hub_download(
  File "/home/gloriama/miniconda/envs/interp/lib/python3.11/site-packages/huggingface_hub/utils/_validators.py", line 88, in _inner_fn
    return fn(*args, **kwargs)
           ^^^^^^^^^^^^^^^^^^^
  File "/home/gloriama/miniconda/envs/interp/lib/python3.11/site-packages/huggingface_hub/file_download.py", line 1018, in hf_hub_download
    return _hf_hub_download_to_cache_dir(
           ^^^^^^^^^^^^^^^^^^^^^^^^^^^^^^
  File "/home/gloriama/miniconda/envs/interp/lib/python3.11/site-packages/huggingface_hub/file_download.py", line 1170, in _hf_hub_download_to_cache_dir
    _raise_on_head_call_error(head_call_error, force_download, local_files_only)
  File "/home/gloriama/miniconda/envs/interp/lib/python3.11/site-packages/huggingface_hub/file_download.py", line 1869, in _raise_on_head_call_error
    raise head_call_error
  File "/home/gloriama/miniconda/envs/interp/lib/python3.11/site-packages/huggingface_hub/file_download.py", line 1712, in _get_metadata_or_catch_error
    metadata = get_hf_file_metadata(
               ^^^^^^^^^^^^^^^^^^^^^
  File "/home/gloriama/miniconda/envs/interp/lib/python3.11/site-packages/huggingface_hub/utils/_validators.py", line 88, in _inner_fn
    return fn(*args, **kwargs)
           ^^^^^^^^^^^^^^^^^^^
  File "/home/gloriama/miniconda/envs/interp/lib/python3.11/site-packages/huggingface_hub/file_download.py", line 1620, in get_hf_file_metadata
    response = _httpx_follow_relative_redirects_with_backoff(
               ^^^^^^^^^^^^^^^^^^^^^^^^^^^^^^^^^^^^^^^^^^^^^^
  File "/home/gloriama/miniconda/envs/interp/lib/python3.11/site-packages/huggingface_hub/utils/_http.py", line 726, in _httpx_follow_relative_redirects_with_backoff
    hf_raise_for_status(response)
  File "/home/gloriama/miniconda/envs/interp/lib/python3.11/site-packages/huggingface_hub/utils/_http.py", line 821, in hf_raise_for_status
    raise _format(GatedRepoError, message, response, repo_type=repo_type, repo_id=repo_id) from e
huggingface_hub.errors.GatedRepoError: 401 Client Error. (Request ID: Root=1-6a4ba310-1ca7cade5835c09d75399935;dc87fc96-bb3e-4cdc-b726-2528b6e7f023)

Cannot access gated repo for url https://huggingface.co/google/gemma-2-2b/resolve/main/config.json.
Access to model google/gemma-2-2b is restricted. You must have access to it and be authenticated to access it. Please log in.

The above exception was the direct cause of the following exception:

Traceback (most recent call last):
  File "/home/gloriama/dev/activation_balls/experiments/roundtrip.py", line 263, in <module>
    main()
  File "/home/gloriama/dev/activation_balls/experiments/roundtrip.py", line 82, in main
    tokenizer = AutoTokenizer.from_pretrained(args.model)
                ^^^^^^^^^^^^^^^^^^^^^^^^^^^^^^^^^^^^^^^^^
  File "/home/gloriama/miniconda/envs/interp/lib/python3.11/site-packages/transformers/models/auto/tokenization_auto.py", line 750, in from_pretrained
    config = PreTrainedConfig.from_pretrained(pretrained_model_name_or_path, **kwargs)
             ^^^^^^^^^^^^^^^^^^^^^^^^^^^^^^^^^^^^^^^^^^^^^^^^^^^^^^^^^^^^^^^^^^^^^^^^^
  File "/home/gloriama/miniconda/envs/interp/lib/python3.11/site-packages/transformers/configuration_utils.py", line 664, in from_pretrained
    config_dict, kwargs = cls.get_config_dict(pretrained_model_name_or_path, **kwargs)
                          ^^^^^^^^^^^^^^^^^^^^^^^^^^^^^^^^^^^^^^^^^^^^^^^^^^^^^^^^^^^^
  File "/home/gloriama/miniconda/envs/interp/lib/python3.11/site-packages/transformers/configuration_utils.py", line 705, in get_config_dict
    config_dict, kwargs = cls._get_config_dict(pretrained_model_name_or_path, **kwargs)
                          ^^^^^^^^^^^^^^^^^^^^^^^^^^^^^^^^^^^^^^^^^^^^^^^^^^^^^^^^^^^^^
  File "/home/gloriama/miniconda/envs/interp/lib/python3.11/site-packages/transformers/configuration_utils.py", line 760, in _get_config_dict
    resolved_config_file = cached_file(
                           ^^^^^^^^^^^^
  File "/home/gloriama/miniconda/envs/interp/lib/python3.11/site-packages/transformers/utils/hub.py", line 293, in cached_file
    file = cached_files(path_or_repo_id=path_or_repo_id, filenames=[filename], **kwargs)
           ^^^^^^^^^^^^^^^^^^^^^^^^^^^^^^^^^^^^^^^^^^^^^^^^^^^^^^^^^^^^^^^^^^^^^^^^^^^^^
  File "/home/gloriama/miniconda/envs/interp/lib/python3.11/site-packages/transformers/utils/hub.py", line 503, in cached_files
    raise OSError(
OSError: You are trying to access a gated repo.
Make sure to have access to it at https://huggingface.co/google/gemma-2-2b.
401 Client Error. (Request ID: Root=1-6a4ba310-1ca7cade5835c09d75399935;dc87fc96-bb3e-4cdc-b726-2528b6e7f023)

Cannot access gated repo for url https://huggingface.co/google/gemma-2-2b/resolve/main/config.json.
Access to model google/gemma-2-2b is restricted. You must have access to it and be authenticated to access it. Please log in.
